// Jest Snapshot v1, https://goo.gl/fbAQLP

exports[`<App> Snapshot 1`] = `
<Provider
  store={
    Object {
      "dispatch": [Function],
      "getState": [Function],
      "replaceReducer": [Function],
      "subscribe": [Function],
      Symbol(observable): [Function],
    }
  }
>
  <PersistGate
    loading={null}
    persistor={
      Object {
        "dispatch": [Function],
        "flush": [Function],
        "getState": [Function],
        "pause": [Function],
        "persist": [Function],
        "purge": [Function],
        "replaceReducer": [Function],
        "subscribe": [Function],
        Symbol(observable): [Function],
      }
    }
  >
    <BrowserRouter>
      <styled.div>
        <Header />
        <Switch>
          <Route
            component={[Function]}
            exact={true}
            path="/"
          />
          <Route
            component={[Function]}
            path="/contact"
          />
          <Route
            component={[Function]}
            path="*"
          />
        </Switch>
      </styled.div>
    </BrowserRouter>
  </PersistGate>
</Provider>
`;
