// Jest Snapshot v1, https://goo.gl/fbAQLP

exports[`<ErrorPage> Snapshot 1`] = `
<styled.h1>
  OUPS... something went wrong!
</styled.h1>
`;
